main.c:94:6:Task_ReadButtons	8	static
main.c:101:6:Task_RunFSM	8	static
main.c:114:6:Task_Update7SEG	8	static
main.c:133:6:Task_TimerRun	8	static
main.c:140:6:Task_TestLED	8	static
main.c:149:6:Task_500ms	4	static
main.c:159:6:Task_1000ms	4	static
main.c:168:6:Task_1500ms	4	static
main.c:177:6:Task_2000ms	4	static
main.c:186:6:Task_2500ms	4	static
main.c:198:5:main	8	static
main.c:281:6:SystemClock_Config	72	static
main.c:317:13:MX_TIM2_Init	32	static
main.c:362:13:MX_GPIO_Init	40	static
main.c:424:6:HAL_TIM_PeriodElapsedCallback	16	static
main.c:435:6:Error_Handler	4	static,ignoring_inline_asm
