main.c:92:6:Task_ReadButtons	8	static
main.c:99:6:Task_RunFSM	8	static
main.c:111:6:Task_Update7SEG	8	static
main.c:128:6:Task_TimerRun	8	static
main.c:135:6:Task_TestLED	8	static
main.c:142:6:Task_500ms	4	static
main.c:151:6:Task_1000ms	4	static
main.c:160:6:Task_1500ms	4	static
main.c:169:6:Task_2000ms	4	static
main.c:178:6:Task_2500ms	4	static
main.c:190:5:main	8	static
main.c:270:6:SystemClock_Config	72	static
main.c:306:13:MX_TIM2_Init	32	static
main.c:351:13:MX_GPIO_Init	40	static
main.c:413:6:HAL_TIM_PeriodElapsedCallback	16	static
main.c:424:6:Error_Handler	4	static,ignoring_inline_asm
