Archive member included to satisfy reference by file (symbol)

c:/st/stm32cubeide_1.7.0/stm32cubeide/plugins/com.st.stm32cube.ide.mcu.externaltools.gnu-tools-for-stm32.9-2020-q2-update.win32_2.0.0.202105311346/tools/bin/../lib/gcc/arm-none-eabi/9.3.1/../../../../arm-none-eabi/lib/thumb/v7-m/nofp\libc_nano.a(lib_a-errno.o)
                              ./Core/Src/syscalls.o (__errno)
c:/st/stm32cubeide_1.7.0/stm32cubeide/plugins/com.st.stm32cube.ide.mcu.externaltools.gnu-tools-for-stm32.9-2020-q2-update.win32_2.0.0.202105311346/tools/bin/../lib/gcc/arm-none-eabi/9.3.1/../../../../arm-none-eabi/lib/thumb/v7-m/nofp\libc_nano.a(lib_a-exit.o)
                              c:/st/stm32cubeide_1.7.0/stm32cubeide/plugins/com.st.stm32cube.ide.mcu.externaltools.gnu-tools-for-stm32.9-2020-q2-update.win32_2.0.0.202105311346/tools/bin/../lib/gcc/arm-none-eabi/9.3.1/../../../../arm-none-eabi/lib/thumb/v7-m/nofp/crt0.o (exit)
c:/st/stm32cubeide_1.7.0/stm32cubeide/plugins/com.st.stm32cube.ide.mcu.externaltools.gnu-tools-for-stm32.9-2020-q2-update.win32_2.0.0.202105311346/tools/bin/../lib/gcc/arm-none-eabi/9.3.1/../../../../arm-none-eabi/lib/thumb/v7-m/nofp\libc_nano.a(lib_a-impure.o)
                              c:/st/stm32cubeide_1.7.0/stm32cubeide/plugins/com.st.stm32cube.ide.mcu.externaltools.gnu-tools-for-stm32.9-2020-q2-update.win32_2.0.0.202105311346/tools/bin/../lib/gcc/arm-none-eabi/9.3.1/../../../../arm-none-eabi/lib/thumb/v7-m/nofp\libc_nano.a(lib_a-exit.o) (_global_impure_ptr)
c:/st/stm32cubeide_1.7.0/stm32cubeide/plugins/com.st.stm32cube.ide.mcu.externaltools.gnu-tools-for-stm32.9-2020-q2-update.win32_2.0.0.202105311346/tools/bin/../lib/gcc/arm-none-eabi/9.3.1/../../../../arm-none-eabi/lib/thumb/v7-m/nofp\libc_nano.a(lib_a-init.o)
                              c:/st/stm32cubeide_1.7.0/stm32cubeide/plugins/com.st.stm32cube.ide.mcu.externaltools.gnu-tools-for-stm32.9-2020-q2-update.win32_2.0.0.202105311346/tools/bin/../lib/gcc/arm-none-eabi/9.3.1/../../../../arm-none-eabi/lib/thumb/v7-m/nofp/crt0.o (__libc_init_array)
c:/st/stm32cubeide_1.7.0/stm32cubeide/plugins/com.st.stm32cube.ide.mcu.externaltools.gnu-tools-for-stm32.9-2020-q2-update.win32_2.0.0.202105311346/tools/bin/../lib/gcc/arm-none-eabi/9.3.1/../../../../arm-none-eabi/lib/thumb/v7-m/nofp\libc_nano.a(lib_a-memset.o)
                              c:/st/stm32cubeide_1.7.0/stm32cubeide/plugins/com.st.stm32cube.ide.mcu.externaltools.gnu-tools-for-stm32.9-2020-q2-update.win32_2.0.0.202105311346/tools/bin/../lib/gcc/arm-none-eabi/9.3.1/../../../../arm-none-eabi/lib/thumb/v7-m/nofp/crt0.o (memset)

Allocating common symbols
Common symbol       size              file

amber_sec           0x4               ./Core/Src/global.o
taskID_ReadButtons  0x4               ./Core/Src/main.o
taskID_RunFSM       0x4               ./Core/Src/main.o
SCH_tasks_G         0xc8              ./Core/Src/scheduler.o
taskID_1000ms       0x4               ./Core/Src/main.o
taskID_2500ms       0x4               ./Core/Src/main.o
timer_counter       0x28              ./Core/Src/software_timer.o
uwTick              0x4               ./Drivers/STM32F1xx_HAL_Driver/Src/stm32f1xx_hal.o
pFlash              0x20              ./Drivers/STM32F1xx_HAL_Driver/Src/stm32f1xx_hal_flash.o
green_sec           0x4               ./Core/Src/global.o
taskID_TestLED      0x4               ./Core/Src/main.o
taskID_1500ms       0x4               ./Core/Src/main.o
taskID_2000ms       0x4               ./Core/Src/main.o
taskID_TimerRun     0x4               ./Core/Src/main.o
taskID_Update7SEG   0x4               ./Core/Src/main.o
taskID_500ms        0x4               ./Core/Src/main.o
timer_flag          0x28              ./Core/Src/software_timer.o
htim2               0x48              ./Core/Src/main.o
red_sec             0x4               ./Core/Src/global.o

Discarded input sections

 .text          0x0000000000000000        0x0 c:/st/stm32cubeide_1.7.0/stm32cubeide/plugins/com.st.stm32cube.ide.mcu.externaltools.gnu-tools-for-stm32.9-2020-q2-update.win32_2.0.0.202105311346/tools/bin/../lib/gcc/arm-none-eabi/9.3.1/thumb/v7-m/nofp/crti.o
 .data          0x0000000000000000        0x0 c:/st/stm32cubeide_1.7.0/stm32cubeide/plugins/com.st.stm32cube.ide.mcu.externaltools.gnu-tools-for-stm32.9-2020-q2-update.win32_2.0.0.202105311346/tools/bin/../lib/gcc/arm-none-eabi/9.3.1/thumb/v7-m/nofp/crti.o
 .bss           0x0000000000000000        0x0 c:/st/stm32cubeide_1.7.0/stm32cubeide/plugins/com.st.stm32cube.ide.mcu.externaltools.gnu-tools-for-stm32.9-2020-q2-update.win32_2.0.0.202105311346/tools/bin/../lib/gcc/arm-none-eabi/9.3.1/thumb/v7-m/nofp/crti.o
 .data          0x0000000000000000        0x4 c:/st/stm32cubeide_1.7.0/stm32cubeide/plugins/com.st.stm32cube.ide.mcu.externaltools.gnu-tools-for-stm32.9-2020-q2-update.win32_2.0.0.202105311346/tools/bin/../lib/gcc/arm-none-eabi/9.3.1/thumb/v7-m/nofp/crtbegin.o
[...]
Memory Configuration

Name             Origin             Length             Attributes
RAM              0x0000000020000000 0x0000000000002800 xrw
FLASH            0x0000000008000000 0x0000000000008000 xr
*default*        0x0000000000000000 0xffffffffffffffff

Linker script and memory map

LOAD c:/st/stm32cubeide_1.7.0/stm32cubeide/plugins/com.st.stm32cube.ide.mcu.externaltools.gnu-tools-for-stm32.9-2020-q2-update.win32_2.0.0.202105311346/tools/bin/../lib/gcc/arm-none-eabi/9.3.1/thumb/v7-m/nofp/crti.o
LOAD c:/st/stm32cubeide_1.7.0/stm32cubeide/plugins/com.st.stm32cube.ide.mcu.externaltools.gnu-tools-for-stm32.9-2020-q2-update.win32_2.0.0.202105311346/tools/bin/../lib/gcc/arm-none-eabi/9.3.1/thumb/v7-m/nofp/crtbegin.o
LOAD c:/st/stm32cubeide_1.7.0/stm32cubeide/plugins/com.st.stm32cube.ide.mcu.externaltools.gnu-tools-for-stm32.9-2020-q2-update.win32_2.0.0.202105311346/tools/bin/../lib/gcc/arm-none-eabi/9.3.1/../../../../arm-none-eabi/lib/thumb/v7-m/nofp/crt0.o
LOAD ./Core/Src/button.o
LOAD ./Core/Src/display.o
LOAD ./Core/Src/fsm_automatic.o
LOAD ./Core/Src/fsm_manual.o
LOAD ./Core/Src/global.o
LOAD ./Core/Src/main.o
LOAD ./Core/Src/scheduler.o
LOAD ./Core/Src/software_timer.o
LOAD ./Core/Src/stm32f1xx_hal_msp.o
LOAD ./Core/Src/stm32f1xx_it.o
LOAD ./Core/Src/syscalls.o
LOAD ./Core/Src/sysmem.o
LOAD ./Core/Src/system_stm32f1xx.o
LOAD ./Core/Startup/startup_stm32f103c6ux.o
LOAD ./Drivers/STM32F1xx_HAL_Driver/Src/stm32f1xx_hal.o
LOAD ./Drivers/STM32F1xx_HAL_Driver/Src/stm32f1xx_hal_cortex.o
LOAD ./Drivers/STM32F1xx_HAL_Driver/Src/stm32f1xx_hal_dma.o
LOAD ./Drivers/STM32F1xx_HAL_Driver/Src/stm32f1xx_hal_exti.o
LOAD ./Drivers/STM32F1xx_HAL_Driver/Src/stm32f1xx_hal_flash.o
LOAD ./Drivers/STM32F1xx_HAL_Driver/Src/stm32f1xx_hal_flash_ex.o
LOAD ./Drivers/STM32F1xx_HAL_Driver/Src/stm32f1xx_hal_gpio.o
LOAD ./Drivers/STM32F1xx_HAL_Driver/Src/stm32f1xx_hal_gpio_ex.o
LOAD ./Drivers/STM32F1xx_HAL_Driver/Src/stm32f1xx_hal_pwr.o
LOAD ./Drivers/STM32F1xx_HAL_Driver/Src/stm32f1xx_hal_rcc.o
LOAD ./Drivers/STM32F1xx_HAL_Driver/Src/stm32f1xx_hal_rcc_ex.o
LOAD ./Drivers/STM32F1xx_HAL_Driver/Src/stm32f1xx_hal_tim.o
LOAD ./Drivers/STM32F1xx_HAL_Driver/Src/stm32f1xx_hal_tim_ex.o
START GROUP
LOAD c:/st/stm32cubeide_1.7.0/stm32cubeide/plugins/com.st.stm32cube.ide.mcu.externaltools.gnu-tools-for-stm32.9-2020-q2-update.win32_2.0.0.202105311346/tools/bin/../lib/gcc/arm-none-eabi/9.3.1/../../../../arm-none-eabi/lib/thumb/v7-m/nofp\libc_nano.a
LOAD c:/st/stm32cubeide_1.7.0/stm32cubeide/plugins/com.st.stm32cube.ide.mcu.externaltools.gnu-tools-for-stm32.9-2020-q2-update.win32_2.0.0.202105311346/tools/bin/../lib/gcc/arm-none-eabi/9.3.1/../../../../arm-none-eabi/lib/thumb/v7-m/nofp\libm.a
END GROUP
START GROUP
LOAD c:/st/stm32cubeide_1.7.0/stm32cubeide/plugins/com.st.stm32cube.ide.mcu.externaltools.gnu-tools-for-stm32.9-2020-q2-update.win32_2.0.0.202105311346/tools/bin/../lib/gcc/arm-none-eabi/9.3.1/thumb/v7-m/nofp\libgcc.a
LOAD c:/st/stm32cubeide_1.7.0/stm32cubeide/plugins/com.st.stm32cube.ide.mcu.externaltools.gnu-tools-for-stm32.9-2020-q2-update.win32_2.0.0.202105311346/tools/bin/../lib/gcc/arm-none-eabi/9.3.1/../../../../arm-none-eabi/lib/thumb/v7-m/nofp\libc_nano.a
END GROUP
START GROUP
LOAD c:/st/stm32cubeide_1.7.0/stm32cubeide/plugins/com.st.stm32cube.ide.mcu.externaltools.gnu-tools-for-stm32.9-2020-q2-update.win32_2.0.0.202105311346/tools/bin/../lib/gcc/arm-none-eabi/9.3.1/thumb/v7-m/nofp\libgcc.a
LOAD c:/st/stm32cubeide_1.7.0/stm32cubeide/plugins/com.st.stm32cube.ide.mcu.externaltools.gnu-tools-for-stm32.9-2020-q2-update.win32_2.0.0.202105311346/tools/bin/../lib/gcc/arm-none-eabi/9.3.1/../../../../arm-none-eabi/lib/thumb/v7-m/nofp\libc_nano.a
LOAD c:/st/stm32cubeide_1.7.0/stm32cubeide/plugins/com.st.stm32cube.ide.mcu.externaltools.gnu-tools-for-stm32.9-2020-q2-update.win32_2.0.0.202105311346/tools/bin/../lib/gcc/arm-none-eabi/9.3.1/../../../../arm-none-eabi/lib/thumb/v7-m/nofp\libnosys.a
END GROUP
START GROUP
LOAD c:/st/stm32cubeide_1.7.0/stm32cubeide/plugins/com.st.stm32cube.ide.mcu.externaltools.gnu-tools-for-stm32.9-2020-q2-update.win32_2.0.0.202105311346/tools/bin/../lib/gcc/arm-none-eabi/9.3.1/thumb/v7-m/nofp\libgcc.a
LOAD c:/st/stm32cubeide_1.7.0/stm32cubeide/plugins/com.st.stm32cube.ide.mcu.externaltools.gnu-tools-for-stm32.9-2020-q2-update.win32_2.0.0.202105311346/tools/bin/../lib/gcc/arm-none-eabi/9.3.1/../../../../arm-none-eabi/lib/thumb/v7-m/nofp\libc_nano.a
LOAD c:/st/stm32cubeide_1.7.0/stm32cubeide/plugins/com.st.stm32cube.ide.mcu.externaltools.gnu-tools-for-stm32.9-2020-q2-update.win32_2.0.0.202105311346/tools/bin/../lib/gcc/arm-none-eabi/9.3.1/../../../../arm-none-eabi/lib/thumb/v7-m/nofp\libnosys.a
END GROUP
LOAD c:/st/stm32cubeide_1.7.0/stm32cubeide/plugins/com.st.stm32cube.ide.mcu.externaltools.gnu-tools-for-stm32.9-2020-q2-update.win32_2.0.0.202105311346/tools/bin/../lib/gcc/arm-none-eabi/9.3.1/thumb/v7-m/nofp/crtend.o
LOAD c:/st/stm32cubeide_1.7.0/stm32cubeide/plugins/com.st.stm32cube.ide.mcu.externaltools.gnu-tools-for-stm32.9-2020-q2-update.win32_2.0.0.202105311346/tools/bin/../lib/gcc/arm-none-eabi/9.3.1/thumb/v7-m/nofp/crtn.o
                0x0000000020002800                _estack = (ORIGIN (RAM) + LENGTH (RAM))
                0x0000000000000200                _Min_Heap_Size = 0x200
                0x0000000000000400                _Min_Stack_Size = 0x400

.isr_vector     0x0000000008000000      0x10c
                0x0000000008000000                . = ALIGN (0x4)
 *(.isr_vector)
 .isr_vector    0x0000000008000000      0x10c ./Core/Startup/startup_stm32f103c6ux.o
                0x0000000008000000                g_pfnVectors
                0x000000000800010c                . = ALIGN (0x4)

.text           0x000000000800010c     0x2e58
                0x000000000800010c                . = ALIGN (0x4)
 *(.text)
 .text          0x000000000800010c       0x40 c:/st/stm32cubeide_1.7.0/stm32cubeide/plugins/com.st.stm32cube.ide.mcu.externaltools.gnu-tools-for-stm32.9-2020-q2-update.win32_2.0.0.202105311346/tools/bin/../lib/gcc/arm-none-eabi/9.3.1/thumb/v7-m/nofp/crtbegin.o
 *(.text*)
 .text.getKeyInput
                0x000000000800014c      0x124 ./Core/Src/button.o
                0x000000000800014c                getKeyInput
 .text.isButtonPressed
                0x0000000008000270       0x3c ./Core/Src/button.o
                0x0000000008000270                isButtonPressed
 .text.clearAllLEDs
                0x00000000080002ac       0x18 ./Core/Src/display.o
                0x00000000080002ac                clearAllLEDs
 .text.setLEDs  0x00000000080002c4       0x74 ./Core/Src/display.o
                0x00000000080002c4                setLEDs
 .text.blinkLEDs
                0x0000000008000338       0x54 ./Core/Src/display.o
                0x0000000008000338                blinkLEDs
 .text.display7SEG
                0x000000000800038c      0x1a4 ./Core/Src/display.o
                0x000000000800038c                display7SEG
 .text.update7SEG
                0x0000000008000530       0xb0 ./Core/Src/display.o
                0x0000000008000530                update7SEG
 .text.clearENs
                0x00000000080005e0       0x18 ./Core/Src/display.o
                0x00000000080005e0                clearENs
 .text.clear7SEG
                0x00000000080005f8       0x18 ./Core/Src/display.o
                0x00000000080005f8                clear7SEG
 .text.clear7SEG_1
                0x0000000008000610       0x18 ./Core/Src/display.o
                0x0000000008000610                clear7SEG_1
 .text.clear7SEG_2
                0x0000000008000628       0x18 ./Core/Src/display.o
                0x0000000008000628                clear7SEG_2
 .text.turnAll7SEG_1
                0x0000000008000640       0x18 ./Core/Src/display.o
                0x0000000008000640                turnAll7SEG_1
 .text.turnAll7SEG_2
                0x0000000008000658       0x18 ./Core/Src/display.o
                0x0000000008000658                turnAll7SEG_2
 .text.update_SevenSEGbuffer
                0x0000000008000670       0x78 ./Core/Src/display.o
                0x0000000008000670                update_SevenSEGbuffer
 .text.fsm_automatic_run
                0x00000000080006e8      0x278 ./Core/Src/fsm_automatic.o
                0x00000000080006e8                fsm_automatic_run
 .text.modeChangeCheck
                0x0000000008000960       0x98 ./Core/Src/fsm_automatic.o
                0x0000000008000960                modeChangeCheck
 .text.countdownUpdate
                0x00000000080009f8       0x5a ./Core/Src/fsm_automatic.o
                0x00000000080009f8                countdownUpdate
 *fill*         0x0000000008000a52        0x2 
 .text.resetCountdown
                0x0000000008000a54       0x7c ./Core/Src/fsm_automatic.o
                0x0000000008000a54                resetCountdown
 .text.fsm_manual_run
                0x0000000008000ad0      0x400 ./Core/Src/fsm_manual.o
                0x0000000008000ad0                fsm_manual_run
 .text.Task_ReadButtons
                0x0000000008000ed0        0xc ./Core/Src/main.o
                0x0000000008000ed0                Task_ReadButtons
 .text.Task_RunFSM
                0x0000000008000edc       0x58 ./Core/Src/main.o
                0x0000000008000edc                Task_RunFSM
 .text.Task_Update7SEG
                0x0000000008000f34       0x44 ./Core/Src/main.o
                0x0000000008000f34                Task_Update7SEG
 .text.Task_TimerRun
                0x0000000008000f78        0xc ./Core/Src/main.o
                0x0000000008000f78                Task_TimerRun
 .text.Task_TestLED
                0x0000000008000f84       0x14 ./Core/Src/main.o
                0x0000000008000f84                Task_TestLED
 .text.Task_500ms
                0x0000000008000f98       0x1c ./Core/Src/main.o
                0x0000000008000f98                Task_500ms
 .text.Task_1000ms
                0x0000000008000fb4       0x1c ./Core/Src/main.o
                0x0000000008000fb4                Task_1000ms
 .text.Task_1500ms
                0x0000000008000fd0       0x1c ./Core/Src/main.o
                0x0000000008000fd0                Task_1500ms
 .text.Task_2000ms
                0x0000000008000fec       0x1c ./Core/Src/main.o
                0x0000000008000fec                Task_2000ms
 .text.Task_2500ms
                0x0000000008001008       0x1c ./Core/Src/main.o
                0x0000000008001008                Task_2500ms
 .text.main     0x0000000008001024      0x118 ./Core/Src/main.o
                0x0000000008001024                main
 .text.SystemClock_Config
                0x000000000800113c       0x76 ./Core/Src/main.o
                0x000000000800113c                SystemClock_Config
 *fill*         0x00000000080011b2        0x2 
 .text.MX_TIM2_Init
                0x00000000080011b4       0x98 ./Core/Src/main.o
 .text.MX_GPIO_Init
                0x000000000800124c       0xfc ./Core/Src/main.o
 .text.HAL_TIM_PeriodElapsedCallback
                0x0000000008001348       0x1e ./Core/Src/main.o
                0x0000000008001348                HAL_TIM_PeriodElapsedCallback
 .text.Error_Handler
                0x0000000008001366        0xa ./Core/Src/main.o
                0x0000000008001366                Error_Handler
 .text.SCH_Init
                0x0000000008001370       0x94 ./Core/Src/scheduler.o
                0x0000000008001370                SCH_Init
 .text.SCH_Update
                0x0000000008001404       0xe0 ./Core/Src/scheduler.o
                0x0000000008001404                SCH_Update
 .text.SCH_Dispatch_Tasks
                0x00000000080014e4       0xa8 ./Core/Src/scheduler.o
                0x00000000080014e4                SCH_Dispatch_Tasks
 .text.SCH_Add_Task
                0x000000000800158c       0xcc ./Core/Src/scheduler.o
                0x000000000800158c                SCH_Add_Task
 .text.SCH_Delete_Task
                0x0000000008001658       0xa8 ./Core/Src/scheduler.o
                0x0000000008001658                SCH_Delete_Task
 .text.setTimer
                0x0000000008001700       0x30 ./Core/Src/software_timer.o
                0x0000000008001700                setTimer
 .text.isTimerExpired
                0x0000000008001730       0x28 ./Core/Src/software_timer.o
                0x0000000008001730                isTimerExpired
 .text.timerRun
                0x0000000008001758       0x60 ./Core/Src/software_timer.o
                0x0000000008001758                timerRun
 .text.HAL_MspInit
                0x00000000080017b8       0x64 ./Core/Src/stm32f1xx_hal_msp.o
                0x00000000080017b8                HAL_MspInit
 .text.HAL_TIM_Base_MspInit
                0x000000000800181c       0x48 ./Core/Src/stm32f1xx_hal_msp.o
                0x000000000800181c                HAL_TIM_Base_MspInit
 .text.NMI_Handler
                0x0000000008001864        0x6 ./Core/Src/stm32f1xx_it.o
                0x0000000008001864                NMI_Handler
 .text.HardFault_Handler
                0x000000000800186a        0x6 ./Core/Src/stm32f1xx_it.o
                0x000000000800186a                HardFault_Handler
 .text.MemManage_Handler
                0x0000000008001870        0x6 ./Core/Src/stm32f1xx_it.o
                0x0000000008001870                MemManage_Handler
 .text.BusFault_Handler
                0x0000000008001876        0x6 ./Core/Src/stm32f1xx_it.o
                0x0000000008001876                BusFault_Handler
 .text.UsageFault_Handler
                0x000000000800187c        0x6 ./Core/Src/stm32f1xx_it.o
                0x000000000800187c                UsageFault_Handler
 .text.SVC_Handler
                0x0000000008001882        0xc ./Core/Src/stm32f1xx_it.o
                0x0000000008001882                SVC_Handler
 .text.DebugMon_Handler
                0x000000000800188e        0xc ./Core/Src/stm32f1xx_it.o
                0x000000000800188e                DebugMon_Handler
 .text.PendSV_Handler
                0x000000000800189a        0xc ./Core/Src/stm32f1xx_it.o
                0x000000000800189a                PendSV_Handler
 .text.SysTick_Handler
                0x00000000080018a6        0xc ./Core/Src/stm32f1xx_it.o
                0x00000000080018a6                SysTick_Handler
 *fill*         0x00000000080018b2        0x2 
 .text.TIM2_IRQHandler
                0x00000000080018b4       0x14 ./Core/Src/stm32f1xx_it.o
                0x00000000080018b4                TIM2_IRQHandler
 .text.SystemInit
                0x00000000080018c8        0xc ./Core/Src/system_stm32f1xx.o
                0x00000000080018c8                SystemInit
 .text.Reset_Handler
                0x00000000080018d4       0x48 ./Core/Startup/startup_stm32f103c6ux.o
                0x00000000080018d4                Reset_Handler
 .text.Default_Handler
                0x000000000800191c        0x2 ./Core/Startup/startup_stm32f103c6ux.o
                0x000000000800191c                RTC_Alarm_IRQHandler
                0x000000000800191c                EXTI2_IRQHandler
                0x000000000800191c                TIM1_CC_IRQHandler
                0x000000000800191c                PVD_IRQHandler
                0x000000000800191c                EXTI3_IRQHandler
                0x000000000800191c                EXTI0_IRQHandler
                0x000000000800191c                ADC1_2_IRQHandler
                0x000000000800191c                SPI1_IRQHandler
                0x000000000800191c                TAMPER_IRQHandler
                0x000000000800191c                DMA1_Channel4_IRQHandler
                0x000000000800191c                RTC_IRQHandler
                0x000000000800191c                DMA1_Channel7_IRQHandler
                0x000000000800191c                CAN1_RX1_IRQHandler
                0x000000000800191c                I2C1_EV_IRQHandler
                0x000000000800191c                DMA1_Channel6_IRQHandler
                0x000000000800191c                TIM3_IRQHandler
                0x000000000800191c                RCC_IRQHandler
                0x000000000800191c                TIM1_TRG_COM_IRQHandler
                0x000000000800191c                DMA1_Channel1_IRQHandler
                0x000000000800191c                Default_Handler
                0x000000000800191c                EXTI15_10_IRQHandler
                0x000000000800191c                EXTI9_5_IRQHandler
                0x000000000800191c                DMA1_Channel5_IRQHandler
                0x000000000800191c                EXTI4_IRQHandler
                0x000000000800191c                USB_LP_CAN1_RX0_IRQHandler
                0x000000000800191c                USB_HP_CAN1_TX_IRQHandler
                0x000000000800191c                DMA1_Channel3_IRQHandler
                0x000000000800191c                TIM1_UP_IRQHandler
                0x000000000800191c                WWDG_IRQHandler
                0x000000000800191c                TIM1_BRK_IRQHandler
                0x000000000800191c                EXTI1_IRQHandler
                0x000000000800191c                USART2_IRQHandler
                0x000000000800191c                DMA1_Channel2_IRQHandler
                0x000000000800191c                CAN1_SCE_IRQHandler
                0x000000000800191c                FLASH_IRQHandler
                0x000000000800191c                USART1_IRQHandler
                0x000000000800191c                I2C1_ER_IRQHandler
                0x000000000800191c                USBWakeUp_IRQHandler
 *fill*         0x000000000800191e        0x2 
 .text.HAL_Init
                0x0000000008001920       0x2c ./Drivers/STM32F1xx_HAL_Driver/Src/stm32f1xx_hal.o
                0x0000000008001920                HAL_Init
 .text.HAL_InitTick
                0x000000000800194c       0x60 ./Drivers/STM32F1xx_HAL_Driver/Src/stm32f1xx_hal.o
                0x000000000800194c                HAL_InitTick
 .text.HAL_IncTick
                0x00000000080019ac       0x24 ./Drivers/STM32F1xx_HAL_Driver/Src/stm32f1xx_hal.o
                0x00000000080019ac                HAL_IncTick
 .text.HAL_GetTick
                0x00000000080019d0       0x14 ./Drivers/STM32F1xx_HAL_Driver/Src/stm32f1xx_hal.o
                0x00000000080019d0                HAL_GetTick
 .text.__NVIC_SetPriorityGrouping
                0x00000000080019e4       0x48 ./Drivers/STM32F1xx_HAL_Driver/Src/stm32f1xx_hal_cortex.o
 .text.__NVIC_GetPriorityGrouping
                0x0000000008001a2c       0x1c ./Drivers/STM32F1xx_HAL_Driver/Src/stm32f1xx_hal_cortex.o
 .text.__NVIC_EnableIRQ
                0x0000000008001a48       0x38 ./Drivers/STM32F1xx_HAL_Driver/Src/stm32f1xx_hal_cortex.o
 .text.__NVIC_SetPriority
                0x0000000008001a80       0x54 ./Drivers/STM32F1xx_HAL_Driver/Src/stm32f1xx_hal_cortex.o
 .text.NVIC_EncodePriority
                0x0000000008001ad4       0x64 ./Drivers/STM32F1xx_HAL_Driver/Src/stm32f1xx_hal_cortex.o
 .text.SysTick_Config
                0x0000000008001b38       0x44 ./Drivers/STM32F1xx_HAL_Driver/Src/stm32f1xx_hal_cortex.o
 .text.HAL_NVIC_SetPriorityGrouping
                0x0000000008001b7c       0x16 ./Drivers/STM32F1xx_HAL_Driver/Src/stm32f1xx_hal_cortex.o
                0x0000000008001b7c                HAL_NVIC_SetPriorityGrouping
 .text.HAL_NVIC_SetPriority
                0x0000000008001b92       0x38 ./Drivers/STM32F1xx_HAL_Driver/Src/stm32f1xx_hal_cortex.o
                0x0000000008001b92                HAL_NVIC_SetPriority
 .text.HAL_NVIC_EnableIRQ
                0x0000000008001bca       0x1c ./Drivers/STM32F1xx_HAL_Driver/Src/stm32f1xx_hal_cortex.o
                0x0000000008001bca                HAL_NVIC_EnableIRQ
 .text.HAL_SYSTICK_Config
                0x0000000008001be6       0x18 ./Drivers/STM32F1xx_HAL_Driver/Src/stm32f1xx_hal_cortex.o
                0x0000000008001be6                HAL_SYSTICK_Config
 *fill*         0x0000000008001bfe        0x2 
 .text.HAL_GPIO_Init
                0x0000000008001c00      0x2f4 ./Drivers/STM32F1xx_HAL_Driver/Src/stm32f1xx_hal_gpio.o
                0x0000000008001c00                HAL_GPIO_Init
 .text.HAL_GPIO_ReadPin
                0x0000000008001ef4       0x2e ./Drivers/STM32F1xx_HAL_Driver/Src/stm32f1xx_hal_gpio.o
                0x0000000008001ef4                HAL_GPIO_ReadPin
 .text.HAL_GPIO_WritePin
                0x0000000008001f22       0x30 ./Drivers/STM32F1xx_HAL_Driver/Src/stm32f1xx_hal_gpio.o
                0x0000000008001f22                HAL_GPIO_WritePin
 .text.HAL_GPIO_TogglePin
                0x0000000008001f52       0x32 ./Drivers/STM32F1xx_HAL_Driver/Src/stm32f1xx_hal_gpio.o
                0x0000000008001f52                HAL_GPIO_TogglePin
 .text.HAL_RCC_OscConfig
                0x0000000008001f84      0x500 ./Drivers/STM32F1xx_HAL_Driver/Src/stm32f1xx_hal_rcc.o
                0x0000000008001f84                HAL_RCC_OscConfig
 .text.HAL_RCC_ClockConfig
                0x0000000008002484      0x1d4 ./Drivers/STM32F1xx_HAL_Driver/Src/stm32f1xx_hal_rcc.o
                0x0000000008002484                HAL_RCC_ClockConfig
 .text.HAL_RCC_GetSysClockFreq
                0x0000000008002658       0xa8 ./Drivers/STM32F1xx_HAL_Driver/Src/stm32f1xx_hal_rcc.o
                0x0000000008002658                HAL_RCC_GetSysClockFreq
 .text.RCC_Delay
                0x0000000008002700       0x3c ./Drivers/STM32F1xx_HAL_Driver/Src/stm32f1xx_hal_rcc.o
 .text.HAL_TIM_Base_Init
                0x000000000800273c       0x9e ./Drivers/STM32F1xx_HAL_Driver/Src/stm32f1xx_hal_tim.o
                0x000000000800273c                HAL_TIM_Base_Init
 *fill*         0x00000000080027da        0x2 
 .text.HAL_TIM_Base_Start_IT
                0x00000000080027dc       0x98 ./Drivers/STM32F1xx_HAL_Driver/Src/stm32f1xx_hal_tim.o
                0x00000000080027dc                HAL_TIM_Base_Start_IT
 .text.HAL_TIM_IRQHandler
                0x0000000008002874      0x1e0 ./Drivers/STM32F1xx_HAL_Driver/Src/stm32f1xx_hal_tim.o
                0x0000000008002874                HAL_TIM_IRQHandler
 .text.HAL_TIM_ConfigClockSource
                0x0000000008002a54      0x18e ./Drivers/STM32F1xx_HAL_Driver/Src/stm32f1xx_hal_tim.o
                0x0000000008002a54                HAL_TIM_ConfigClockSource
 .text.HAL_TIM_OC_DelayElapsedCallback
                0x0000000008002be2       0x12 ./Drivers/STM32F1xx_HAL_Driver/Src/stm32f1xx_hal_tim.o
                0x0000000008002be2                HAL_TIM_OC_DelayElapsedCallback
 .text.HAL_TIM_IC_CaptureCallback
                0x0000000008002bf4       0x12 ./Drivers/STM32F1xx_HAL_Driver/Src/stm32f1xx_hal_tim.o
                0x0000000008002bf4                HAL_TIM_IC_CaptureCallback
 .text.HAL_TIM_PWM_PulseFinishedCallback
                0x0000000008002c06       0x12 ./Drivers/STM32F1xx_HAL_Driver/Src/stm32f1xx_hal_tim.o
                0x0000000008002c06                HAL_TIM_PWM_PulseFinishedCallback
 .text.HAL_TIM_TriggerCallback
                0x0000000008002c18       0x12 ./Drivers/STM32F1xx_HAL_Driver/Src/stm32f1xx_hal_tim.o
                0x0000000008002c18                HAL_TIM_TriggerCallback
 *fill*         0x0000000008002c2a        0x2 
 .text.TIM_Base_SetConfig
                0x0000000008002c2c       0xc8 ./Drivers/STM32F1xx_HAL_Driver/Src/stm32f1xx_hal_tim.o
                0x0000000008002c2c                TIM_Base_SetConfig
 .text.TIM_TI1_ConfigInputStage
                0x0000000008002cf4       0x5c ./Drivers/STM32F1xx_HAL_Driver/Src/stm32f1xx_hal_tim.o
 .text.TIM_TI2_ConfigInputStage
                0x0000000008002d50       0x5e ./Drivers/STM32F1xx_HAL_Driver/Src/stm32f1xx_hal_tim.o
 .text.TIM_ITRx_SetConfig
                0x0000000008002dae       0x34 ./Drivers/STM32F1xx_HAL_Driver/Src/stm32f1xx_hal_tim.o
 .text.TIM_ETR_SetConfig
                0x0000000008002de2       0x3e ./Drivers/STM32F1xx_HAL_Driver/Src/stm32f1xx_hal_tim.o
                0x0000000008002de2                TIM_ETR_SetConfig
 .text.HAL_TIMEx_MasterConfigSynchronization
                0x0000000008002e20       0xb0 ./Drivers/STM32F1xx_HAL_Driver/Src/stm32f1xx_hal_tim_ex.o
                0x0000000008002e20                HAL_TIMEx_MasterConfigSynchronization
 .text.HAL_TIMEx_CommutCallback
                0x0000000008002ed0       0x12 ./Drivers/STM32F1xx_HAL_Driver/Src/stm32f1xx_hal_tim_ex.o
                0x0000000008002ed0                HAL_TIMEx_CommutCallback
 .text.HAL_TIMEx_BreakCallback
                0x0000000008002ee2       0x12 ./Drivers/STM32F1xx_HAL_Driver/Src/stm32f1xx_hal_tim_ex.o
                0x0000000008002ee2                HAL_TIMEx_BreakCallback
 .text.__libc_init_array
                0x0000000008002ef4       0x48 c:/st/stm32cubeide_1.7.0/stm32cubeide/plugins/com.st.stm32cube.ide.mcu.externaltools.gnu-tools-for-stm32.9-2020-q2-update.win32_2.0.0.202105311346/tools/bin/../lib/gcc/arm-none-eabi/9.3.1/../../../../arm-none-eabi/lib/thumb/v7-m/nofp\libc_nano.a(lib_a-init.o)
                0x0000000008002ef4                __libc_init_array
 .text.memset   0x0000000008002f3c       0x10 c:/st/stm32cubeide_1.7.0/stm32cubeide/plugins/com.st.stm32cube.ide.mcu.externaltools.gnu-tools-for-stm32.9-2020-q2-update.win32_2.0.0.202105311346/tools/bin/../lib/gcc/arm-none-eabi/9.3.1/../../../../arm-none-eabi/lib/thumb/v7-m/nofp\libc_nano.a(lib_a-memset.o)
                0x0000000008002f3c                memset
 *(.glue_7)
 .glue_7        0x0000000008002f4c        0x0 linker stubs
 *(.glue_7t)
 .glue_7t       0x0000000008002f4c        0x0 linker stubs
 *(.eh_frame)
 .eh_frame      0x0000000008002f4c        0x0 c:/st/stm32cubeide_1.7.0/stm32cubeide/plugins/com.st.stm32cube.ide.mcu.externaltools.gnu-tools-for-stm32.9-2020-q2-update.win32_2.0.0.202105311346/tools/bin/../lib/gcc/arm-none-eabi/9.3.1/thumb/v7-m/nofp/crtbegin.o
 *(.init)
 .init          0x0000000008002f4c        0x4 c:/st/stm32cubeide_1.7.0/stm32cubeide/plugins/com.st.stm32cube.ide.mcu.externaltools.gnu-tools-for-stm32.9-2020-q2-update.win32_2.0.0.202105311346/tools/bin/../lib/gcc/arm-none-eabi/9.3.1/thumb/v7-m/nofp/crti.o
                0x0000000008002f4c                _init
 .init          0x0000000008002f50        0x8 c:/st/stm32cubeide_1.7.0/stm32cubeide/plugins/com.st.stm32cube.ide.mcu.externaltools.gnu-tools-for-stm32.9-2020-q2-update.win32_2.0.0.202105311346/tools/bin/../lib/gcc/arm-none-eabi/9.3.1/thumb/v7-m/nofp/crtn.o
 *(.fini)
 .fini          0x0000000008002f58        0x4 c:/st/stm32cubeide_1.7.0/stm32cubeide/plugins/com.st.stm32cube.ide.mcu.externaltools.gnu-tools-for-stm32.9-2020-q2-update.win32_2.0.0.202105311346/tools/bin/../lib/gcc/arm-none-eabi/9.3.1/thumb/v7-m/nofp/crti.o
                0x0000000008002f58                _fini
 .fini          0x0000000008002f5c        0x8 c:/st/stm32cubeide_1.7.0/stm32cubeide/plugins/com.st.stm32cube.ide.mcu.externaltools.gnu-tools-for-stm32.9-2020-q2-update.win32_2.0.0.202105311346/tools/bin/../lib/gcc/arm-none-eabi/9.3.1/thumb/v7-m/nofp/crtn.o
                0x0000000008002f64                . = ALIGN (0x4)
                0x0000000008002f64                _etext = .

.vfp11_veneer   0x0000000008002f64        0x0
 .vfp11_veneer  0x0000000008002f64        0x0 linker stubs

.v4_bx          0x0000000008002f64        0x0
 .v4_bx         0x0000000008002f64        0x0 linker stubs

.iplt           0x0000000008002f64        0x0
 .iplt          0x0000000008002f64        0x0 c:/st/stm32cubeide_1.7.0/stm32cubeide/plugins/com.st.stm32cube.ide.mcu.externaltools.gnu-tools-for-stm32.9-2020-q2-update.win32_2.0.0.202105311346/tools/bin/../lib/gcc/arm-none-eabi/9.3.1/thumb/v7-m/nofp/crtbegin.o

.rodata         0x0000000008002f64       0x24
                0x0000000008002f64                . = ALIGN (0x4)
 *(.rodata)
 *(.rodata*)
 .rodata.AHBPrescTable
                0x0000000008002f64       0x10 ./Core/Src/system_stm32f1xx.o
                0x0000000008002f64                AHBPrescTable
 .rodata.aPLLMULFactorTable.6032
                0x0000000008002f74       0x10 ./Drivers/STM32F1xx_HAL_Driver/Src/stm32f1xx_hal_rcc.o
 .rodata.aPredivFactorTable.6033
                0x0000000008002f84        0x2 ./Drivers/STM32F1xx_HAL_Driver/Src/stm32f1xx_hal_rcc.o
                0x0000000008002f88                . = ALIGN (0x4)
 *fill*         0x0000000008002f86        0x2 

.rel.dyn        0x0000000008002f88        0x0
 .rel.iplt      0x0000000008002f88        0x0 c:/st/stm32cubeide_1.7.0/stm32cubeide/plugins/com.st.stm32cube.ide.mcu.externaltools.gnu-tools-for-stm32.9-2020-q2-update.win32_2.0.0.202105311346/tools/bin/../lib/gcc/arm-none-eabi/9.3.1/thumb/v7-m/nofp/crtbegin.o

.ARM.extab      0x0000000008002f88        0x0
                0x0000000008002f88                . = ALIGN (0x4)
 *(.ARM.extab* .gnu.linkonce.armextab.*)
                0x0000000008002f88                . = ALIGN (0x4)

.ARM            0x0000000008002f88        0x0
                0x0000000008002f88                . = ALIGN (0x4)
                0x0000000008002f88                __exidx_start = .
 *(.ARM.exidx*)
                0x0000000008002f88                __exidx_end = .
                0x0000000008002f88                . = ALIGN (0x4)

.preinit_array  0x0000000008002f88        0x0
                0x0000000008002f88                . = ALIGN (0x4)
                0x0000000008002f88                PROVIDE (__preinit_array_start = .)
 *(.preinit_array*)
                0x0000000008002f88                PROVIDE (__preinit_array_end = .)
                0x0000000008002f88                . = ALIGN (0x4)

.init_array     0x0000000008002f88        0x4
                0x0000000008002f88                . = ALIGN (0x4)
                0x0000000008002f88                PROVIDE (__init_array_start = .)
 *(SORT_BY_NAME(.init_array.*))
 *(.init_array*)
 .init_array    0x0000000008002f88        0x4 c:/st/stm32cubeide_1.7.0/stm32cubeide/plugins/com.st.stm32cube.ide.mcu.externaltools.gnu-tools-for-stm32.9-2020-q2-update.win32_2.0.0.202105311346/tools/bin/../lib/gcc/arm-none-eabi/9.3.1/thumb/v7-m/nofp/crtbegin.o
                0x0000000008002f8c                PROVIDE (__init_array_end = .)
                0x0000000008002f8c                . = ALIGN (0x4)

.fini_array     0x0000000008002f8c        0x4
                0x0000000008002f8c                . = ALIGN (0x4)
                [!provide]                        PROVIDE (__fini_array_start = .)
 *(SORT_BY_NAME(.fini_array.*))
 *(.fini_array*)
 .fini_array    0x0000000008002f8c        0x4 c:/st/stm32cubeide_1.7.0/stm32cubeide/plugins/com.st.stm32cube.ide.mcu.externaltools.gnu-tools-for-stm32.9-2020-q2-update.win32_2.0.0.202105311346/tools/bin/../lib/gcc/arm-none-eabi/9.3.1/thumb/v7-m/nofp/crtbegin.o
                [!provide]                        PROVIDE (__fini_array_end = .)
                0x0000000008002f90                . = ALIGN (0x4)
                0x0000000008002f90                _sidata = LOADADDR (.data)

.data           0x0000000020000000       0x48 load address 0x0000000008002f90
                0x0000000020000000                . = ALIGN (0x4)
                0x0000000020000000                _sdata = .
 *(.data)
 *(.data*)
 .data.buttonBuffer
                0x0000000020000000        0x3 ./Core/Src/button.o
                0x0000000020000000                buttonBuffer
 *fill*         0x0000000020000003        0x1 
 .data.debounceBuffer_1
                0x0000000020000004        0x3 ./Core/Src/button.o
                0x0000000020000004                debounceBuffer_1
 *fill*         0x0000000020000007        0x1 
 .data.debounceBuffer_2
                0x0000000020000008        0x3 ./Core/Src/button.o
                0x0000000020000008                debounceBuffer_2
 *fill*         0x000000002000000b        0x1 
 .data.debounceBuffer_3
                0x000000002000000c        0x3 ./Core/Src/button.o
                0x000000002000000c                debounceBuffer_3
 *fill*         0x000000002000000f        0x1 
 .data.buttonPort
                0x0000000020000010        0xc ./Core/Src/button.o
                0x0000000020000010                buttonPort
 .data.buttonPin
                0x000000002000001c        0x6 ./Core/Src/button.o
                0x000000002000001c                buttonPin
 *fill*         0x0000000020000022        0x2 
 .data.status   0x0000000020000024        0x4 ./Core/Src/global.o
                0x0000000020000024                status
 .data.blink_frequent
                0x0000000020000028        0x4 ./Core/Src/global.o
                0x0000000020000028                blink_frequent
 .data.red_duration
                0x000000002000002c        0x4 ./Core/Src/global.o
                0x000000002000002c                red_duration
 .data.amber_duration
                0x0000000020000030        0x4 ./Core/Src/global.o
                0x0000000020000030                amber_duration
 .data.green_duration
                0x0000000020000034        0x4 ./Core/Src/global.o
                0x0000000020000034                green_duration
 .data.SCH_taskID_counter
                0x0000000020000038        0x4 ./Core/Src/scheduler.o
                0x0000000020000038                SCH_taskID_counter
 .data.SystemCoreClock
                0x000000002000003c        0x4 ./Core/Src/system_stm32f1xx.o
                0x000000002000003c                SystemCoreClock
 .data.uwTickPrio
                0x0000000020000040        0x4 ./Drivers/STM32F1xx_HAL_Driver/Src/stm32f1xx_hal.o
                0x0000000020000040                uwTickPrio
 .data.uwTickFreq
                0x0000000020000044        0x1 ./Drivers/STM32F1xx_HAL_Driver/Src/stm32f1xx_hal.o
                0x0000000020000044                uwTickFreq
 *(.RamFunc)
 *(.RamFunc*)
                0x0000000020000048                . = ALIGN (0x4)
 *fill*         0x0000000020000045        0x3 
                0x0000000020000048                _edata = .

.igot.plt       0x0000000020000048        0x0 load address 0x0000000008002fd8
 .igot.plt      0x0000000020000048        0x0 c:/st/stm32cubeide_1.7.0/stm32cubeide/plugins/com.st.stm32cube.ide.mcu.externaltools.gnu-tools-for-stm32.9-2020-q2-update.win32_2.0.0.202105311346/tools/bin/../lib/gcc/arm-none-eabi/9.3.1/thumb/v7-m/nofp/crtbegin.o
                0x0000000020000048                . = ALIGN (0x4)

.bss            0x0000000020000048      0x200 load address 0x0000000008002fd8
                0x0000000020000048                _sbss = .
                0x0000000020000048                __bss_start__ = _sbss
 *(.bss)
 .bss           0x0000000020000048       0x1c c:/st/stm32cubeide_1.7.0/stm32cubeide/plugins/com.st.stm32cube.ide.mcu.externaltools.gnu-tools-for-stm32.9-2020-q2-update.win32_2.0.0.202105311346/tools/bin/../lib/gcc/arm-none-eabi/9.3.1/thumb/v7-m/nofp/crtbegin.o
 *(.bss*)
 .bss.buttonFlag
                0x0000000020000064        0xc ./Core/Src/button.o
                0x0000000020000064                buttonFlag
 .bss.LongPressTimer
                0x0000000020000070        0xc ./Core/Src/button.o
                0x0000000020000070                LongPressTimer
 .bss.red_tmp_duration
                0x000000002000007c        0x4 ./Core/Src/fsm_manual.o
                0x000000002000007c                red_tmp_duration
 .bss.amber_tmp_duration
                0x0000000020000080        0x4 ./Core/Src/fsm_manual.o
                0x0000000020000080                amber_tmp_duration
 .bss.green_tmp_duration
                0x0000000020000084        0x4 ./Core/Src/fsm_manual.o
                0x0000000020000084                green_tmp_duration
 .bss.SevenSEGbuffer
                0x0000000020000088       0x10 ./Core/Src/global.o
                0x0000000020000088                SevenSEGbuffer
 .bss.SEG_index
                0x0000000020000098        0x4 ./Core/Src/main.o
                0x0000000020000098                SEG_index
 .bss.counter.6071
                0x000000002000009c        0x4 ./Core/Src/main.o
 .bss.counter.6075
                0x00000000200000a0        0x4 ./Core/Src/main.o
 .bss.counter.6079
                0x00000000200000a4        0x4 ./Core/Src/main.o
 .bss.counter.6083
                0x00000000200000a8        0x4 ./Core/Src/main.o
 .bss.counter.6087
                0x00000000200000ac        0x4 ./Core/Src/main.o
 *(COMMON)
 COMMON         0x00000000200000b0        0xc ./Core/Src/global.o
                0x00000000200000b0                amber_sec
                0x00000000200000b4                green_sec
                0x00000000200000b8                red_sec
 COMMON         0x00000000200000bc       0x70 ./Core/Src/main.o
                0x00000000200000bc                taskID_ReadButtons
                0x00000000200000c0                taskID_RunFSM
                0x00000000200000c4                taskID_1000ms
                0x00000000200000c8                taskID_2500ms
                0x00000000200000cc                taskID_TestLED
                0x00000000200000d0                taskID_1500ms
                0x00000000200000d4                taskID_2000ms
                0x00000000200000d8                taskID_TimerRun
                0x00000000200000dc                taskID_Update7SEG
                0x00000000200000e0                taskID_500ms
                0x00000000200000e4                htim2
 COMMON         0x000000002000012c       0xc8 ./Core/Src/scheduler.o
                0x000000002000012c                SCH_tasks_G
 COMMON         0x00000000200001f4       0x50 ./Core/Src/software_timer.o
                0x00000000200001f4                timer_counter
                0x000000002000021c                timer_flag
 COMMON         0x0000000020000244        0x4 ./Drivers/STM32F1xx_HAL_Driver/Src/stm32f1xx_hal.o
                0x0000000020000244                uwTick
                0x0000000020000248                . = ALIGN (0x4)
                0x0000000020000248                _ebss = .
                0x0000000020000248                __bss_end__ = _ebss

._user_heap_stack
                0x0000000020000248      0x600 load address 0x0000000008002fd8
                0x0000000020000248                . = ALIGN (0x8)
                [!provide]                        PROVIDE (end = .)
                0x0000000020000248                PROVIDE (_end = .)
                0x0000000020000448                . = (. + _Min_Heap_Size)
 *fill*         0x0000000020000248      0x200 
                0x0000000020000848                . = (. + _Min_Stack_Size)
 *fill*         0x0000000020000448      0x400 
                0x0000000020000848                . = ALIGN (0x8)

/DISCARD/
 libc.a(*)
 libm.a(*)
 libgcc.a(*)

.ARM.attributes
                0x0000000000000000       0x29
 *(.ARM.attributes)
 .ARM.attributes
                0x0000000000000000       0x1d c:/st/stm32cubeide_1.7.0/stm32cubeide/plugins/com.st.stm32cube.ide.mcu.externaltools.gnu-tools-for-stm32.9-2020-q2-update.win32_2.0.0.202105311346/tools/bin/../lib/gcc/arm-none-eabi/9.3.1/thumb/v7-m/nofp/crti.o
 .ARM.attributes
                0x000000000000001d       0x2d c:/st/stm32cubeide_1.7.0/stm32cubeide/plugins/com.st.stm32cube.ide.mcu.externaltools.gnu-tools-for-stm32.9-2020-q2-update.win32_2.0.0.202105311346/tools/bin/../lib/gcc/arm-none-eabi/9.3.1/thumb/v7-m/nofp/crtbegin.o
 .ARM.attributes
                0x000000000000004a       0x2d ./Core/Src/button.o
 .ARM.attributes
                0x0000000000000077       0x2d ./Core/Src/display.o
 .ARM.attributes
                0x00000000000000a4       0x2d ./Core/Src/fsm_automatic.o
 .ARM.attributes
                0x00000000000000d1       0x2d ./Core/Src/fsm_manual.o
 .ARM.attributes
                0x00000000000000fe       0x33 ./Core/Src/global.o
 .ARM.attributes
                0x0000000000000131       0x2d ./Core/Src/main.o
 .ARM.attributes
                0x000000000000015e       0x2d ./Core/Src/scheduler.o
 .ARM.attributes
                0x000000000000018b       0x2d ./Core/Src/software_timer.o
 .ARM.attributes
                0x00000000000001b8       0x2d ./Core/Src/stm32f1xx_hal_msp.o
 .ARM.attributes
                0x00000000000001e5       0x2d ./Core/Src/stm32f1xx_it.o
 .ARM.attributes
                0x0000000000000212       0x2d ./Core/Src/system_stm32f1xx.o
 .ARM.attributes
                0x000000000000023f       0x21 ./Core/Startup/startup_stm32f103c6ux.o
 .ARM.attributes
                0x0000000000000260       0x2d ./Drivers/STM32F1xx_HAL_Driver/Src/stm32f1xx_hal.o
 .ARM.attributes
                0x000000000000028d       0x2d ./Drivers/STM32F1xx_HAL_Driver/Src/stm32f1xx_hal_cortex.o
 .ARM.attributes
                0x00000000000002ba       0x2d ./Drivers/STM32F1xx_HAL_Driver/Src/stm32f1xx_hal_gpio.o
 .ARM.attributes
                0x00000000000002e7       0x2d ./Drivers/STM32F1xx_HAL_Driver/Src/stm32f1xx_hal_rcc.o
 .ARM.attributes
                0x0000000000000314       0x2d ./Drivers/STM32F1xx_HAL_Driver/Src/stm32f1xx_hal_tim.o
 .ARM.attributes
                0x0000000000000341       0x2d ./Drivers/STM32F1xx_HAL_Driver/Src/stm32f1xx_hal_tim_ex.o
 .ARM.attributes
                0x000000000000036e       0x2d c:/st/stm32cubeide_1.7.0/stm32cubeide/plugins/com.st.stm32cube.ide.mcu.externaltools.gnu-tools-for-stm32.9-2020-q2-update.win32_2.0.0.202105311346/tools/bin/../lib/gcc/arm-none-eabi/9.3.1/../../../../arm-none-eabi/lib/thumb/v7-m/nofp\libc_nano.a(lib_a-init.o)
 .ARM.attributes
                0x000000000000039b       0x2d c:/st/stm32cubeide_1.7.0/stm32cubeide/plugins/com.st.stm32cube.ide.mcu.externaltools.gnu-tools-for-stm32.9-2020-q2-update.win32_2.0.0.202105311346/tools/bin/../lib/gcc/arm-none-eabi/9.3.1/../../../../arm-none-eabi/lib/thumb/v7-m/nofp\libc_nano.a(lib_a-memset.o)
 .ARM.attributes
                0x00000000000003c8       0x1d c:/st/stm32cubeide_1.7.0/stm32cubeide/plugins/com.st.stm32cube.ide.mcu.externaltools.gnu-tools-for-stm32.9-2020-q2-update.win32_2.0.0.202105311346/tools/bin/../lib/gcc/arm-none-eabi/9.3.1/thumb/v7-m/nofp/crtn.o
OUTPUT(Lab4.elf elf32-littlearm)
LOAD linker stubs
LOAD c:/st/stm32cubeide_1.7.0/stm32cubeide/plugins/com.st.stm32cube.ide.mcu.externaltools.gnu-tools-for-stm32.9-2020-q2-update.win32_2.0.0.202105311346/tools/bin/../lib/gcc/arm-none-eabi/9.3.1/../../../../arm-none-eabi/lib/thumb/v7-m/nofp\libc.a
LOAD c:/st/stm32cubeide_1.7.0/stm32cubeide/plugins/com.st.stm32cube.ide.mcu.externaltools.gnu-tools-for-stm32.9-2020-q2-update.win32_2.0.0.202105311346/tools/bin/../lib/gcc/arm-none-eabi/9.3.1/../../../../arm-none-eabi/lib/thumb/v7-m/nofp\libm.a
LOAD c:/st/stm32cubeide_1.7.0/stm32cubeide/plugins/com.st.stm32cube.ide.mcu.externaltools.gnu-tools-for-stm32.9-2020-q2-update.win32_2.0.0.202105311346/tools/bin/../lib/gcc/arm-none-eabi/9.3.1/thumb/v7-m/nofp\libgcc.a

.debug_info     0x0000000000000000     0x9a59
 .debug_info    0x0000000000000000      0x3df ./Core/Src/button.o
 .debug_info    0x00000000000003df      0x415 ./Core/Src/display.o
 .debug_info    0x00000000000007f4      0x26d ./Core/Src/fsm_automatic.o
 .debug_info    0x0000000000000a61      0x25e ./Core/Src/fsm_manual.o
 .debug_info    0x0000000000000cbf      0x272 ./Core/Src/global.o
 .debug_info    0x0000000000000f31      0xe27 ./Core/Src/main.o
 .debug_info    0x0000000000001d58      0x31b ./Core/Src/scheduler.o
 .debug_info    0x0000000000002073       0xf5 ./Core/Src/software_timer.o
 .debug_info    0x0000000000002168      0xa09 ./Core/Src/stm32f1xx_hal_msp.o
 .debug_info    0x0000000000002b71      0x7b9 ./Core/Src/stm32f1xx_it.o
 .debug_info    0x000000000000332a      0x2be ./Core/Src/system_stm32f1xx.o
 .debug_info    0x00000000000035e8       0x22 ./Core/Startup/startup_stm32f103c6ux.o
 .debug_info    0x000000000000360a      0x74c ./Drivers/STM32F1xx_HAL_Driver/Src/stm32f1xx_hal.o
 .debug_info    0x0000000000003d56      0xbbe ./Drivers/STM32F1xx_HAL_Driver/Src/stm32f1xx_hal_cortex.o
 .debug_info    0x0000000000004914      0x701 ./Drivers/STM32F1xx_HAL_Driver/Src/stm32f1xx_hal_gpio.o
 .debug_info    0x0000000000005015      0x893 ./Drivers/STM32F1xx_HAL_Driver/Src/stm32f1xx_hal_rcc.o
 .debug_info    0x00000000000058a8     0x2c32 ./Drivers/STM32F1xx_HAL_Driver/Src/stm32f1xx_hal_tim.o
 .debug_info    0x00000000000084da     0x157f ./Drivers/STM32F1xx_HAL_Driver/Src/stm32f1xx_hal_tim_ex.o

.debug_abbrev   0x0000000000000000     0x1cb9
 .debug_abbrev  0x0000000000000000      0x15b ./Core/Src/button.o
 .debug_abbrev  0x000000000000015b      0x150 ./Core/Src/display.o
 .debug_abbrev  0x00000000000002ab      0x104 ./Core/Src/fsm_automatic.o
 .debug_abbrev  0x00000000000003af       0xe3 ./Core/Src/fsm_manual.o
 .debug_abbrev  0x0000000000000492       0xa9 ./Core/Src/global.o
 .debug_abbrev  0x000000000000053b      0x273 ./Core/Src/main.o
 .debug_abbrev  0x00000000000007ae      0x190 ./Core/Src/scheduler.o
 .debug_abbrev  0x000000000000093e       0xcf ./Core/Src/software_timer.o
 .debug_abbrev  0x0000000000000a0d      0x1b7 ./Core/Src/stm32f1xx_hal_msp.o
 .debug_abbrev  0x0000000000000bc4      0x176 ./Core/Src/stm32f1xx_it.o
 .debug_abbrev  0x0000000000000d3a      0x14e ./Core/Src/system_stm32f1xx.o
 .debug_abbrev  0x0000000000000e88       0x12 ./Core/Startup/startup_stm32f103c6ux.o
 .debug_abbrev  0x0000000000000e9a      0x1ed ./Drivers/STM32F1xx_HAL_Driver/Src/stm32f1xx_hal.o
 .debug_abbrev  0x0000000000001087      0x313 ./Drivers/STM32F1xx_HAL_Driver/Src/stm32f1xx_hal_cortex.o
 .debug_abbrev  0x000000000000139a      0x1e8 ./Drivers/STM32F1xx_HAL_Driver/Src/stm32f1xx_hal_gpio.o
 .debug_abbrev  0x0000000000001582      0x273 ./Drivers/STM32F1xx_HAL_Driver/Src/stm32f1xx_hal_rcc.o
 .debug_abbrev  0x00000000000017f5      0x25e ./Drivers/STM32F1xx_HAL_Driver/Src/stm32f1xx_hal_tim.o
 .debug_abbrev  0x0000000000001a53      0x266 ./Drivers/STM32F1xx_HAL_Driver/Src/stm32f1xx_hal_tim_ex.o

.debug_aranges  0x0000000000000000      0xb08
 .debug_aranges
                0x0000000000000000       0x28 ./Core/Src/button.o
 .debug_aranges
                0x0000000000000028       0x80 ./Core/Src/display.o
 .debug_aranges
                0x00000000000000a8       0x38 ./Core/Src/fsm_automatic.o
 .debug_aranges
                0x00000000000000e0       0x20 ./Core/Src/fsm_manual.o
 .debug_aranges
                0x0000000000000100       0x18 ./Core/Src/global.o
 .debug_aranges
                0x0000000000000118       0x98 ./Core/Src/main.o
 .debug_aranges
                0x00000000000001b0       0x40 ./Core/Src/scheduler.o
 .debug_aranges
                0x00000000000001f0       0x30 ./Core/Src/software_timer.o
 .debug_aranges
                0x0000000000000220       0x30 ./Core/Src/stm32f1xx_hal_msp.o
 .debug_aranges
                0x0000000000000250       0x68 ./Core/Src/stm32f1xx_it.o
 .debug_aranges
                0x00000000000002b8       0x28 ./Core/Src/system_stm32f1xx.o
 .debug_aranges
                0x00000000000002e0       0x28 ./Core/Startup/startup_stm32f103c6ux.o
 .debug_aranges
                0x0000000000000308       0xe0 ./Drivers/STM32F1xx_HAL_Driver/Src/stm32f1xx_hal.o
 .debug_aranges
                0x00000000000003e8      0x100 ./Drivers/STM32F1xx_HAL_Driver/Src/stm32f1xx_hal_cortex.o
 .debug_aranges
                0x00000000000004e8       0x58 ./Drivers/STM32F1xx_HAL_Driver/Src/stm32f1xx_hal_gpio.o
 .debug_aranges
                0x0000000000000540       0x90 ./Drivers/STM32F1xx_HAL_Driver/Src/stm32f1xx_hal_rcc.o
 .debug_aranges
                0x00000000000005d0      0x3d0 ./Drivers/STM32F1xx_HAL_Driver/Src/stm32f1xx_hal_tim.o
 .debug_aranges
                0x00000000000009a0      0x168 ./Drivers/STM32F1xx_HAL_Driver/Src/stm32f1xx_hal_tim_ex.o

.debug_ranges   0x0000000000000000      0x9e8
 .debug_ranges  0x0000000000000000       0x18 ./Core/Src/button.o
 .debug_ranges  0x0000000000000018       0x70 ./Core/Src/display.o
 .debug_ranges  0x0000000000000088       0x28 ./Core/Src/fsm_automatic.o
 .debug_ranges  0x00000000000000b0       0x10 ./Core/Src/fsm_manual.o
 .debug_ranges  0x00000000000000c0       0x88 ./Core/Src/main.o
 .debug_ranges  0x0000000000000148       0x30 ./Core/Src/scheduler.o
 .debug_ranges  0x0000000000000178       0x20 ./Core/Src/software_timer.o
 .debug_ranges  0x0000000000000198       0x20 ./Core/Src/stm32f1xx_hal_msp.o
 .debug_ranges  0x00000000000001b8       0x58 ./Core/Src/stm32f1xx_it.o
 .debug_ranges  0x0000000000000210       0x18 ./Core/Src/system_stm32f1xx.o
 .debug_ranges  0x0000000000000228       0x20 ./Core/Startup/startup_stm32f103c6ux.o
 .debug_ranges  0x0000000000000248       0xd0 ./Drivers/STM32F1xx_HAL_Driver/Src/stm32f1xx_hal.o
 .debug_ranges  0x0000000000000318       0xf0 ./Drivers/STM32F1xx_HAL_Driver/Src/stm32f1xx_hal_cortex.o
 .debug_ranges  0x0000000000000408       0x48 ./Drivers/STM32F1xx_HAL_Driver/Src/stm32f1xx_hal_gpio.o
 .debug_ranges  0x0000000000000450       0x80 ./Drivers/STM32F1xx_HAL_Driver/Src/stm32f1xx_hal_rcc.o
 .debug_ranges  0x00000000000004d0      0x3c0 ./Drivers/STM32F1xx_HAL_Driver/Src/stm32f1xx_hal_tim.o
 .debug_ranges  0x0000000000000890      0x158 ./Drivers/STM32F1xx_HAL_Driver/Src/stm32f1xx_hal_tim_ex.o

.debug_macro    0x0000000000000000    0x1701c
 .debug_macro   0x0000000000000000      0x1f9 ./Core/Src/button.o
 .debug_macro   0x00000000000001f9      0xa9c ./Core/Src/button.o
 .debug_macro   0x0000000000000c95      0x215 ./Core/Src/button.o
 .debug_macro   0x0000000000000eaa       0x2e ./Core/Src/button.o
 .debug_macro   0x0000000000000ed8       0x22 ./Core/Src/button.o
 .debug_macro   0x0000000000000efa       0x22 ./Core/Src/button.o
 .debug_macro   0x0000000000000f1c       0x8e ./Core/Src/button.o
 .debug_macro   0x0000000000000faa       0x51 ./Core/Src/button.o
 .debug_macro   0x0000000000000ffb      0x103 ./Core/Src/button.o
 .debug_macro   0x00000000000010fe       0x6a ./Core/Src/button.o
 .debug_macro   0x0000000000001168      0x1df ./Core/Src/button.o
 .debug_macro   0x0000000000001347       0x1c ./Core/Src/button.o
 .debug_macro   0x0000000000001363       0x22 ./Core/Src/button.o
 .debug_macro   0x0000000000001385       0xc3 ./Core/Src/button.o
 .debug_macro   0x0000000000001448      0xd23 ./Core/Src/button.o
 .debug_macro   0x000000000000216b     0xde75 ./Core/Src/button.o
 .debug_macro   0x000000000000ffe0       0x6d ./Core/Src/button.o
 .debug_macro   0x000000000001004d     0x34a2 ./Core/Src/button.o
 .debug_macro   0x00000000000134ef      0x174 ./Core/Src/button.o
 .debug_macro   0x0000000000013663       0x5c ./Core/Src/button.o
 .debug_macro   0x00000000000136bf      0x5bc ./Core/Src/button.o
 .debug_macro   0x0000000000013c7b      0x1b7 ./Core/Src/button.o
 .debug_macro   0x0000000000013e32      0x1cb ./Core/Src/button.o
 .debug_macro   0x0000000000013ffd      0x114 ./Core/Src/button.o
 .debug_macro   0x0000000000014111      0x1b2 ./Core/Src/button.o
 .debug_macro   0x00000000000142c3       0x27 ./Core/Src/button.o
 .debug_macro   0x00000000000142ea      0x12f ./Core/Src/button.o
 .debug_macro   0x0000000000014419      0x1bc ./Core/Src/button.o
 .debug_macro   0x00000000000145d5       0x34 ./Core/Src/button.o
 .debug_macro   0x0000000000014609       0x3c ./Core/Src/button.o
 .debug_macro   0x0000000000014645       0x57 ./Core/Src/button.o
 .debug_macro   0x000000000001469c       0x87 ./Core/Src/button.o
 .debug_macro   0x0000000000014723      0x183 ./Core/Src/button.o
 .debug_macro   0x00000000000148a6      0x140 ./Core/Src/button.o
 .debug_macro   0x00000000000149e6      0x8ed ./Core/Src/button.o
 .debug_macro   0x00000000000152d3       0x69 ./Core/Src/button.o
 .debug_macro   0x000000000001533c      0x154 ./Core/Src/button.o
 .debug_macro   0x0000000000015490       0x16 ./Core/Src/button.o
 .debug_macro   0x00000000000154a6       0x16 ./Core/Src/button.o
 .debug_macro   0x00000000000154bc       0x70 ./Core/Src/button.o
 .debug_macro   0x000000000001552c      0x1fd ./Core/Src/display.o
 .debug_macro   0x0000000000015729      0x1fd ./Core/Src/fsm_automatic.o
 .debug_macro   0x0000000000015926      0x1fd ./Core/Src/fsm_manual.o
 .debug_macro   0x0000000000015b23      0x1f9 ./Core/Src/global.o
 .debug_macro   0x0000000000015d1c      0x201 ./Core/Src/main.o
 .debug_macro   0x0000000000015f1d      0x1b5 ./Core/Src/scheduler.o
 .debug_macro   0x00000000000160d2       0x10 ./Core/Src/scheduler.o
 .debug_macro   0x00000000000160e2       0x21 ./Core/Src/software_timer.o
 .debug_macro   0x0000000000016103      0x1a6 ./Core/Src/stm32f1xx_hal_msp.o
 .debug_macro   0x00000000000162a9      0x1b0 ./Core/Src/stm32f1xx_it.o
 .debug_macro   0x0000000000016459      0x197 ./Core/Src/system_stm32f1xx.o
 .debug_macro   0x00000000000165f0      0x1bb ./Drivers/STM32F1xx_HAL_Driver/Src/stm32f1xx_hal.o
 .debug_macro   0x00000000000167ab      0x197 ./Drivers/STM32F1xx_HAL_Driver/Src/stm32f1xx_hal_cortex.o
 .debug_macro   0x0000000000016942      0x202 ./Drivers/STM32F1xx_HAL_Driver/Src/stm32f1xx_hal_gpio.o
 .debug_macro   0x0000000000016b44      0x1a9 ./Drivers/STM32F1xx_HAL_Driver/Src/stm32f1xx_hal_rcc.o
 .debug_macro   0x0000000000016ced      0x198 ./Drivers/STM32F1xx_HAL_Driver/Src/stm32f1xx_hal_tim.o
 .debug_macro   0x0000000000016e85      0x197 ./Drivers/STM32F1xx_HAL_Driver/Src/stm32f1xx_hal_tim_ex.o

.debug_line     0x0000000000000000     0xc51c
 .debug_line    0x0000000000000000      0x761 ./Core/Src/button.o
 .debug_line    0x0000000000000761      0x868 ./Core/Src/display.o
 .debug_line    0x0000000000000fc9      0x82a ./Core/Src/fsm_automatic.o
 .debug_line    0x00000000000017f3      0x877 ./Core/Src/fsm_manual.o
 .debug_line    0x000000000000206a      0x6ac ./Core/Src/global.o
 .debug_line    0x0000000000002716      0x99d ./Core/Src/main.o
 .debug_line    0x00000000000030b3      0x806 ./Core/Src/scheduler.o
 .debug_line    0x00000000000038b9       0xdc ./Core/Src/software_timer.o
 .debug_line    0x0000000000003995      0x6a1 ./Core/Src/stm32f1xx_hal_msp.o
 .debug_line    0x0000000000004036      0x73f ./Core/Src/stm32f1xx_it.o
 .debug_line    0x0000000000004775      0x6e3 ./Core/Src/system_stm32f1xx.o
 .debug_line    0x0000000000004e58       0x86 ./Core/Startup/startup_stm32f103c6ux.o
 .debug_line    0x0000000000004ede      0x910 ./Drivers/STM32F1xx_HAL_Driver/Src/stm32f1xx_hal.o
 .debug_line    0x00000000000057ee      0xaf8 ./Drivers/STM32F1xx_HAL_Driver/Src/stm32f1xx_hal_cortex.o
 .debug_line    0x00000000000062e6      0x993 ./Drivers/STM32F1xx_HAL_Driver/Src/stm32f1xx_hal_gpio.o
 .debug_line    0x0000000000006c79      0xd1c ./Drivers/STM32F1xx_HAL_Driver/Src/stm32f1xx_hal_rcc.o
 .debug_line    0x0000000000007995     0x3361 ./Drivers/STM32F1xx_HAL_Driver/Src/stm32f1xx_hal_tim.o
 .debug_line    0x000000000000acf6     0x1826 ./Drivers/STM32F1xx_HAL_Driver/Src/stm32f1xx_hal_tim_ex.o

.debug_str      0x0000000000000000    0x8286d
 .debug_str     0x0000000000000000    0x7fb69 ./Core/Src/button.o
                                      0x7fed8 (size before relaxing)
 .debug_str     0x000000000007fb69       0xc0 ./Core/Src/display.o
                                      0x7feea (size before relaxing)
 .debug_str     0x000000000007fc29       0x6b ./Core/Src/fsm_automatic.o
                                      0x7fe48 (size before relaxing)
 .debug_str     0x000000000007fc94       0x6e ./Core/Src/fsm_manual.o
                                      0x7fe4b (size before relaxing)
 .debug_str     0x000000000007fd02       0x15 ./Core/Src/global.o
                                      0x7fdf2 (size before relaxing)
 .debug_str     0x000000000007fd17      0x803 ./Core/Src/main.o
                                      0x806df (size before relaxing)
 .debug_str     0x000000000008051a       0xab ./Core/Src/scheduler.o
                                      0x7fcb4 (size before relaxing)
 .debug_str     0x00000000000805c5       0x64 ./Core/Src/software_timer.o
                                       0x2dd9 (size before relaxing)
 .debug_str     0x0000000000080629      0x2ba ./Core/Src/stm32f1xx_hal_msp.o
                                      0x803e9 (size before relaxing)
 .debug_str     0x00000000000808e3       0xcd ./Core/Src/stm32f1xx_it.o
                                      0x8014b (size before relaxing)
 .debug_str     0x00000000000809b0       0x52 ./Core/Src/system_stm32f1xx.o
                                      0x7f761 (size before relaxing)
 .debug_str     0x0000000000080a02       0x36 ./Core/Startup/startup_stm32f103c6ux.o
                                         0x55 (size before relaxing)
 .debug_str     0x0000000000080a38      0x304 ./Drivers/STM32F1xx_HAL_Driver/Src/stm32f1xx_hal.o
                                      0x7fdb8 (size before relaxing)
 .debug_str     0x0000000000080d3c      0x300 ./Drivers/STM32F1xx_HAL_Driver/Src/stm32f1xx_hal_cortex.o
                                      0x7fdc0 (size before relaxing)
 .debug_str     0x000000000008103c      0x316 ./Drivers/STM32F1xx_HAL_Driver/Src/stm32f1xx_hal_gpio.o
                                      0x7fb25 (size before relaxing)
 .debug_str     0x0000000000081352      0x24f ./Drivers/STM32F1xx_HAL_Driver/Src/stm32f1xx_hal_rcc.o
                                      0x7fb5e (size before relaxing)
 .debug_str     0x00000000000815a1      0xdde ./Drivers/STM32F1xx_HAL_Driver/Src/stm32f1xx_hal_tim.o
                                      0x80b47 (size before relaxing)
 .debug_str     0x000000000008237f      0x4ee ./Drivers/STM32F1xx_HAL_Driver/Src/stm32f1xx_hal_tim_ex.o
                                      0x802e8 (size before relaxing)

.comment        0x0000000000000000       0x53
 .comment       0x0000000000000000       0x53 ./Core/Src/button.o
                                         0x54 (size before relaxing)
 .comment       0x0000000000000053       0x54 ./Core/Src/display.o
 .comment       0x0000000000000053       0x54 ./Core/Src/fsm_automatic.o
 .comment       0x0000000000000053       0x54 ./Core/Src/fsm_manual.o
 .comment       0x0000000000000053       0x54 ./Core/Src/global.o
 .comment       0x0000000000000053       0x54 ./Core/Src/main.o
 .comment       0x0000000000000053       0x54 ./Core/Src/scheduler.o
 .comment       0x0000000000000053       0x54 ./Core/Src/software_timer.o
 .comment       0x0000000000000053       0x54 ./Core/Src/stm32f1xx_hal_msp.o
 .comment       0x0000000000000053       0x54 ./Core/Src/stm32f1xx_it.o
 .comment       0x0000000000000053       0x54 ./Core/Src/system_stm32f1xx.o
 .comment       0x0000000000000053       0x54 ./Drivers/STM32F1xx_HAL_Driver/Src/stm32f1xx_hal.o
 .comment       0x0000000000000053       0x54 ./Drivers/STM32F1xx_HAL_Driver/Src/stm32f1xx_hal_cortex.o
 .comment       0x0000000000000053       0x54 ./Drivers/STM32F1xx_HAL_Driver/Src/stm32f1xx_hal_gpio.o
 .comment       0x0000000000000053       0x54 ./Drivers/STM32F1xx_HAL_Driver/Src/stm32f1xx_hal_rcc.o
 .comment       0x0000000000000053       0x54 ./Drivers/STM32F1xx_HAL_Driver/Src/stm32f1xx_hal_tim.o
 .comment       0x0000000000000053       0x54 ./Drivers/STM32F1xx_HAL_Driver/Src/stm32f1xx_hal_tim_ex.o

.debug_frame    0x0000000000000000     0x2b14
 .debug_frame   0x0000000000000000       0x5c ./Core/Src/button.o
 .debug_frame   0x000000000000005c      0x1a8 ./Core/Src/display.o
 .debug_frame   0x0000000000000204       0x8c ./Core/Src/fsm_automatic.o
 .debug_frame   0x0000000000000290       0x38 ./Core/Src/fsm_manual.o
 .debug_frame   0x00000000000002c8      0x200 ./Core/Src/main.o
 .debug_frame   0x00000000000004c8       0xd4 ./Core/Src/scheduler.o
 .debug_frame   0x000000000000059c       0x88 ./Core/Src/software_timer.o
 .debug_frame   0x0000000000000624       0x80 ./Core/Src/stm32f1xx_hal_msp.o
 .debug_frame   0x00000000000006a4      0x120 ./Core/Src/stm32f1xx_it.o
 .debug_frame   0x00000000000007c4       0x58 ./Core/Src/system_stm32f1xx.o
 .debug_frame   0x000000000000081c      0x334 ./Drivers/STM32F1xx_HAL_Driver/Src/stm32f1xx_hal.o
 .debug_frame   0x0000000000000b50      0x428 ./Drivers/STM32F1xx_HAL_Driver/Src/stm32f1xx_hal_cortex.o
 .debug_frame   0x0000000000000f78      0x14c ./Drivers/STM32F1xx_HAL_Driver/Src/stm32f1xx_hal_gpio.o
 .debug_frame   0x00000000000010c4      0x218 ./Drivers/STM32F1xx_HAL_Driver/Src/stm32f1xx_hal_rcc.o
 .debug_frame   0x00000000000012dc     0x11b4 ./Drivers/STM32F1xx_HAL_Driver/Src/stm32f1xx_hal_tim.o
 .debug_frame   0x0000000000002490      0x638 ./Drivers/STM32F1xx_HAL_Driver/Src/stm32f1xx_hal_tim_ex.o
 .debug_frame   0x0000000000002ac8       0x2c c:/st/stm32cubeide_1.7.0/stm32cubeide/plugins/com.st.stm32cube.ide.mcu.externaltools.gnu-tools-for-stm32.9-2020-q2-update.win32_2.0.0.202105311346/tools/bin/../lib/gcc/arm-none-eabi/9.3.1/../../../../arm-none-eabi/lib/thumb/v7-m/nofp\libc_nano.a(lib_a-init.o)
 .debug_frame   0x0000000000002af4       0x20 c:/st/stm32cubeide_1.7.0/stm32cubeide/plugins/com.st.stm32cube.ide.mcu.externaltools.gnu-tools-for-stm32.9-2020-q2-update.win32_2.0.0.202105311346/tools/bin/../lib/gcc/arm-none-eabi/9.3.1/../../../../arm-none-eabi/lib/thumb/v7-m/nofp\libc_nano.a(lib_a-memset.o)
